[bamru.org/index.html]
[backblue.gif]
[fade.gif]
[index.html]
[bamru.org/calendar.html]
[bamru.org/images/TopBanner.jpg]
[bamru.org/images/Logo_BAMRU.gif]
[bamru.org/images/address.gif]
[bamru.org/assets/spacer.gif]
[bamru.org/images/Logo_OES.gif]
[bamru.org/images/Logo_MRA.gif]
[bamru.org/images/Logo_SO.gif]
[bamru.org/images/Logo_BASARC.gif]
[bamru.org/index.html]
[bamru.org/images/BottomBanner.jpg]
[bamru.org/index-2.html]
[bamru.org/assets/logo.gif]
[bamru.org/assets/graydot.gif]
[bamru.org/assets/dots.gif]
[bamru.org/blog.f.delayed]
[bamru.org/bamruinfo.html]
[bamru.org/join.html]
[bamru.org/sgallery.html]
[bamru.org/meeting_locations.html]
[bamru.org/sarlinks.html]
[bamru.org/donate.html]
[bamru.org/contact.html]
[bamru.org/assets/axe.gif]
[bamru.org/images/mtn.jpg]
[bamru.org/calendar5935.html]
[bamru.org/calendar.html]
[bamru.org/index-2.html]
[bamru.org/images/approach.jpg]
[www.paypal.com/en_US/i/btn/btn_donateCC_LG.gif]
[bamru.org/bamruinfo.html]
[www.paypal.com/en_US/i/scr/pixel.gif]
[bamru.org/images/helo.jpg]
[bamru.org/join.html]
[bamru.org/apply.html]
[bamru.org/sgallery.22.delayed]
[bamru.org/images/hills.jpg]
[bamru.org/gallery.24.delayed]
[bamru.org/images/staticgallery/gallery_overview.jpg]
[bamru.org/sgallery/pulgas_ridge.htm]
[bamru.org/sgallery/dana_couloir.htm]
[bamru.org/sgallery/mt_tam.htm]
[bamru.org/sgallery/assist.htm]
[bamru.org/sgallery/rostrum.htm]
[bamru.org/sgallery/joshua_tree.htm]
[bamru.org/sgallery/elt.htm]
[bamru.org/sgallery/traverse.htm]
[bamru.org/sgallery/mariposa.htm]
[bamru.org/sgallery/highline.htm]
[bamru.org/sgallery/cubs.htm]
[bamru.org/sgallery/sequoia.htm]
[bamru.org/sgallery/tenaya_peak.htm]
[bamru.org/sgallery/marin.htm]
[bamru.org/sgallery/plan.htm]
[bamru.org/sgallery/lift.htm]
[bamru.org/sgallery/falls.htm]
[bamru.org/sgallery/allerton.htm]
[bamru.org/sgallery/medical.htm]
[bamru.org/sgallery/help.htm]
[bamru.org/sgallery/arrest.htm]
[bamru.org/sgallery/brush.htm]
[bamru.org/sgallery/probe_line.htm]
[bamru.org/sgallery/kootenay.htm]
[bamru.org/sgallery/transport.htm]
[bamru.org/sgallery/climbing.htm]
[bamru.org/sgallery/vertical.htm]
[bamru.org/sgallery/bay_area.htm]
[bamru.org/sgallery.html]
[bamru.org/images/mtn_2.jpg]
[bamru.org/assets/mapredwoodcity_large.gif]
[bamru.org/assets/mapredwoodcity.gif]
[bamru.org/assets/mapeastbay_large.gif]
[bamru.org/meeting_locations.html]
[bamru.org/assets/mapeastbay.gif]
[bamru.org/images/glacier.jpg]
[bamru.org/assets/logos/mra64.gif]
[bamru.org/assets/logos/carda64.gif]
[www.oes.ca.gov/webpage/oeswebsite.nsf/CalEMA_LogoHor.jpg]
[bamru.org/sarlinks.html]
[bamru.org/assets/logos/nasarweb64.gif]
[bamru.org/donate.html]
[bamru.org/images/HawthornLZ.jpg]
[bamru.org/contact.html]
[bamru.org/images/address2.gif]
[bamru.org/calendar5935.html]
[bamru.org/images/canyon.jpg]
[bamru.org/assets/BAMRU_Application_2010.5.1.doc]
[bamru.org/apply.html]
[bamru.org/sgallery/index.html]
[bamru.org/sgallery/index-2.html]
[bamru.org/sgallery/index.html]
[bamru.org/gallery/index.html]
[bamru.org/assets/logo_wide.gif]
[bamru.org/gallery/pages/Basic_Rescue_02.html]
[bamru.org/gallery/thumbnails/Basic_Rescue_02.jpg]
[bamru.org/gallery/pages/Basic_Rescue_06.html]
[bamru.org/gallery/thumbnails/Basic_Rescue_06.jpg]
[bamru.org/gallery/pages/Basic_Rescue_07.html]
[bamru.org/gallery/thumbnails/Basic_Rescue_07.jpg]
[bamru.org/gallery/pages/Basic_Rescue_11.html]
[bamru.org/gallery/thumbnails/Basic_Rescue_11.jpg]
[bamru.org/gallery/pages/Basic_Rescue_16b.html]
[bamru.org/gallery/thumbnails/Basic_Rescue_16b.jpg]
[bamru.org/gallery/pages/Basic_Rescue_18.html]
[bamru.org/gallery/thumbnails/Basic_Rescue_18.jpg]
[bamru.org/gallery/pages/Dana_16.html]
[bamru.org/gallery/thumbnails/Dana_16.jpg]
[bamru.org/gallery/pages/Dana_19.html]
[bamru.org/gallery/thumbnails/Dana_19.jpg]
[bamru.org/gallery/pages/Dana_29.html]
[bamru.org/gallery/thumbnails/Dana_29.jpg]
[bamru.org/gallery/pages/Dana_36.html]
[bamru.org/gallery/thumbnails/Dana_36.jpg]
[bamru.org/gallery/pages/Dana_39.html]
[bamru.org/gallery/thumbnails/Dana_39.jpg]
[bamru.org/gallery/pages/Dana_42.html]
[bamru.org/gallery/thumbnails/Dana_42.jpg]
[bamru.org/gallery/pages/ELT_01.html]
[bamru.org/gallery/thumbnails/ELT_01.jpg]
[bamru.org/gallery/pages/ELT_03.html]
[bamru.org/gallery/thumbnails/ELT_03.jpg]
[bamru.org/gallery/pages/ELT_08.html]
[bamru.org/gallery/thumbnails/ELT_08.jpg]
[bamru.org/gallery/pages/ELT_09.html]
[bamru.org/gallery/thumbnails/ELT_09.jpg]
[bamru.org/gallery/pages/Recert_00-unknown.html]
[bamru.org/gallery/thumbnails/Recert_00-unknown.jpg]
[bamru.org/gallery/pages/Recert_01.html]
[bamru.org/gallery/thumbnails/Recert_01.jpg]
[bamru.org/gallery/pages/Recert_03.html]
[bamru.org/gallery/thumbnails/Recert_03.jpg]
[bamru.org/gallery/pages/Recert_08.html]
[bamru.org/gallery/thumbnails/Recert_08.jpg]
[bamru.org/gallery/pages/Recert_09.html]
[bamru.org/gallery/thumbnails/Recert_09.jpg]
[bamru.org/gallery/pages/Recert_10.html]
[bamru.org/gallery/thumbnails/Recert_10.jpg]
[bamru.org/gallery/pages/Recert_11.html]
[bamru.org/gallery/thumbnails/Recert_11.jpg]
[bamru.org/gallery/pages/Recert_15.html]
[bamru.org/gallery/thumbnails/Recert_15.jpg]
[bamru.org/gallery/pages/Sequoia_03.html]
[bamru.org/gallery/thumbnails/Sequoia_03.jpg]
[bamru.org/gallery/pages/Sequoia_18.html]
[bamru.org/gallery/thumbnails/Sequoia_18.jpg]
[bamru.org/gallery/pages/Sequoia_27.html]
[bamru.org/gallery/thumbnails/Sequoia_27.jpg]
[bamru.org/gallery/pages/Sequoia_28.html]
[bamru.org/gallery/thumbnails/Sequoia_28.jpg]
[bamru.org/gallery/pages/Sequoia_30.html]
[bamru.org/gallery/thumbnails/Sequoia_30.jpg]
[bamru.org/gallery/pages/Sequoia_40.html]
[bamru.org/gallery/thumbnails/Sequoia_40.jpg]
[bamru.org/gallery/pages/Skyline_01.html]
[bamru.org/gallery/thumbnails/Skyline_01.jpg]
[bamru.org/gallery/pages/Skyline_12.html]
[bamru.org/gallery/thumbnails/Skyline_12.jpg]
[bamru.org/gallery/pages/Skyline_13.html]
[bamru.org/gallery/thumbnails/Skyline_13.jpg]
[bamru.org/gallery/pages/Skyline_15.html]
[bamru.org/gallery/thumbnails/Skyline_15.jpg]
[bamru.org/gallery/pages/Skyline_16.html]
[bamru.org/gallery/thumbnails/Skyline_16.jpg]
[bamru.org/gallery/pages/Skyline_17.html]
[bamru.org/gallery/thumbnails/Skyline_17.jpg]
[bamru.org/gallery/pages/Skyline_18.html]
[bamru.org/gallery/thumbnails/Skyline_18.jpg]
[bamru.org/gallery/pages/Skyline_19.html]
[bamru.org/gallery/thumbnails/Skyline_19.jpg]
[bamru.org/gallery/pages/Skyline_21.html]
[bamru.org/gallery/thumbnails/Skyline_21.jpg]
[bamru.org/gallery/pages/knox-gorgonio-1.html]
[bamru.org/gallery/thumbnails/knox-gorgonio-1.jpg]
[bamru.org/gallery/pages/knox-gorgonio-2.html]
[bamru.org/gallery/index.html]
[bamru.org/gallery/thumbnails/knox-gorgonio-2.jpg]
[bamru.org/images/staticgallery/pulgas_ridge.jpg]
[bamru.org/sgallery/pulgas_ridge.htm]
[bamru.org/images/staticgallery/dana_couloir.jpg]
[bamru.org/sgallery/dana_couloir.htm]
[bamru.org/images/staticgallery/mt_tam.jpg]
[bamru.org/sgallery/mt_tam.htm]
[bamru.org/images/staticgallery/assist.jpg]
[bamru.org/sgallery/assist.htm]
[bamru.org/images/staticgallery/rostrum.jpg]
[bamru.org/sgallery/rostrum.htm]
[bamru.org/images/staticgallery/joshua_tree.jpg]
[bamru.org/sgallery/joshua_tree.htm]
[bamru.org/images/staticgallery/elt.jpg]
[bamru.org/sgallery/elt.htm]
[bamru.org/sgallery/traverse.htm]
[bamru.org/images/staticgallery/traverse.jpg]
[bamru.org/images/staticgallery/mariposa.jpg]
[bamru.org/sgallery/mariposa.htm]
[bamru.org/images/staticgallery/highline.jpg]
[bamru.org/sgallery/highline.htm]
[bamru.org/images/staticgallery/cubs.jpg]
[bamru.org/sgallery/cubs.htm]
[bamru.org/images/staticgallery/sequoia.jpg]
[bamru.org/sgallery/sequoia.htm]
[bamru.org/images/staticgallery/tenaya_peak.jpg]
[bamru.org/sgallery/tenaya_peak.htm]
[bamru.org/images/staticgallery/marin.jpg]
[bamru.org/sgallery/marin.htm]
[bamru.org/images/staticgallery/plan.jpg]
[bamru.org/sgallery/plan.htm]
[bamru.org/images/staticgallery/lift.jpg]
[bamru.org/sgallery/lift.htm]
[bamru.org/images/staticgallery/falls.jpg]
[bamru.org/sgallery/falls.htm]
[bamru.org/images/staticgallery/allerton.jpg]
[bamru.org/sgallery/allerton.htm]
[bamru.org/images/staticgallery/medical.jpg]
[bamru.org/sgallery/medical.htm]
[bamru.org/images/staticgallery/help.jpg]
[bamru.org/sgallery/help.htm]
[bamru.org/images/staticgallery/arrest.jpg]
[bamru.org/sgallery/arrest.htm]
[bamru.org/images/staticgallery/brush.jpg]
[bamru.org/sgallery/brush.htm]
[bamru.org/images/staticgallery/probe_line.jpg]
[bamru.org/sgallery/probe_line.htm]
[bamru.org/images/staticgallery/kootenay.jpg]
[bamru.org/sgallery/kootenay.htm]
[bamru.org/images/staticgallery/transport.jpg]
[bamru.org/sgallery/transport.htm]
[bamru.org/images/staticgallery/climbing.jpg]
[bamru.org/sgallery/climbing.htm]
[bamru.org/images/staticgallery/vertical.jpg]
[bamru.org/sgallery/vertical.htm]
[bamru.org/images/staticgallery/bay_area.jpg]
[bamru.org/sgallery/bay_area.htm]
[bamru.org/sgallery/index-2.html]
[bamru.org/gallery/index-2.html]
[bamru.org/gallery/images/home.gif]
[bamru.org/gallery/images/next.gif]
[bamru.org/gallery/pages/Sequoia_09.html]
[bamru.org/gallery/pages/Basic_Rescue_02.html]
[bamru.org/gallery/images/Basic_Rescue_02.jpg]
[bamru.org/gallery/images/previous.gif]
[bamru.org/gallery/images/Basic_Rescue_06.jpg]
[bamru.org/gallery/pages/Basic_Rescue_06.html]
[bamru.org/gallery/images/Basic_Rescue_07.jpg]
[bamru.org/gallery/pages/Basic_Rescue_07.html]
[bamru.org/gallery/images/Basic_Rescue_11.jpg]
[bamru.org/gallery/pages/Basic_Rescue_11.html]
[bamru.org/gallery/images/Basic_Rescue_16b.jpg]
[bamru.org/gallery/pages/Basic_Rescue_16b.html]
[bamru.org/gallery/images/Basic_Rescue_18.jpg]
[bamru.org/gallery/pages/Basic_Rescue_18.html]
[bamru.org/gallery/images/Dana_16.jpg]
[bamru.org/gallery/pages/Dana_16.html]
[bamru.org/gallery/pages/Dana_19.html]
[bamru.org/gallery/images/Dana_19.jpg]
[bamru.org/gallery/images/Dana_29.jpg]
[bamru.org/gallery/pages/Dana_29.html]
[bamru.org/gallery/images/Dana_36.jpg]
[bamru.org/gallery/pages/Dana_36.html]
[bamru.org/gallery/images/Dana_39.jpg]
[bamru.org/gallery/pages/Dana_39.html]
[bamru.org/gallery/images/Dana_42.jpg]
[bamru.org/gallery/pages/Dana_42.html]
[bamru.org/gallery/images/ELT_01.jpg]
[bamru.org/gallery/pages/ELT_01.html]
[bamru.org/gallery/images/ELT_03.jpg]
[bamru.org/gallery/pages/ELT_03.html]
[bamru.org/gallery/images/ELT_08.jpg]
[bamru.org/gallery/pages/ELT_08.html]
[bamru.org/gallery/images/ELT_09.jpg]
[bamru.org/gallery/pages/ELT_09.html]
[bamru.org/gallery/images/Recert_00-unknown.jpg]
[bamru.org/gallery/pages/Recert_00-unknown.html]
[bamru.org/gallery/images/Recert_01.jpg]
[bamru.org/gallery/pages/Recert_01.html]
[bamru.org/gallery/images/Recert_03.jpg]
[bamru.org/gallery/pages/Recert_03.html]
[bamru.org/gallery/images/Recert_08.jpg]
[bamru.org/gallery/pages/Recert_08.html]
[bamru.org/gallery/images/Recert_09.jpg]
[bamru.org/gallery/pages/Recert_09.html]
[bamru.org/gallery/images/Recert_10.jpg]
[bamru.org/gallery/pages/Recert_10.html]
[bamru.org/gallery/images/Recert_11.jpg]
[bamru.org/gallery/pages/Recert_11.html]
[bamru.org/gallery/images/Recert_15.jpg]
[bamru.org/gallery/pages/Recert_15.html]
[bamru.org/gallery/images/Sequoia_03.jpg]
[bamru.org/gallery/pages/Sequoia_03.html]
[bamru.org/gallery/images/Sequoia_18.jpg]
[bamru.org/gallery/pages/Sequoia_18.html]
[bamru.org/gallery/images/Sequoia_27.jpg]
[bamru.org/gallery/pages/Sequoia_27.html]
[bamru.org/gallery/images/Sequoia_28.jpg]
[bamru.org/gallery/pages/Sequoia_28.html]
[bamru.org/gallery/images/Sequoia_30.jpg]
[bamru.org/gallery/pages/Sequoia_30.html]
[bamru.org/gallery/images/Sequoia_40.jpg]
[bamru.org/gallery/pages/Sequoia_40.html]
[bamru.org/gallery/images/Skyline_01.jpg]
[bamru.org/gallery/pages/Skyline_01.html]
[bamru.org/gallery/images/Skyline_12.jpg]
[bamru.org/gallery/pages/Skyline_12.html]
[bamru.org/gallery/images/Skyline_13.jpg]
[bamru.org/gallery/pages/Skyline_13.html]
[bamru.org/gallery/images/Skyline_15.jpg]
[bamru.org/gallery/pages/Skyline_15.html]
[bamru.org/gallery/images/Skyline_16.jpg]
[bamru.org/gallery/pages/Skyline_16.html]
[bamru.org/gallery/images/Skyline_17.jpg]
[bamru.org/gallery/pages/Skyline_17.html]
[bamru.org/gallery/images/Skyline_18.jpg]
[bamru.org/gallery/pages/Skyline_18.html]
[bamru.org/gallery/images/Skyline_19.jpg]
[bamru.org/gallery/pages/Skyline_19.html]
[bamru.org/gallery/images/Skyline_21.jpg]
[bamru.org/gallery/pages/Skyline_21.html]
[bamru.org/gallery/images/knox-gorgonio-1.jpg]
[bamru.org/gallery/pages/knox-gorgonio-1.html]
[bamru.org/gallery/images/knox-gorgonio-2.jpg]
[bamru.org/gallery/pages/knox-gorgonio-2.html]
[bamru.org/gallery/index-2.html]
[bamru.org/gallery/images/Sequoia_09.jpg]
[bamru.org/gallery/pages/Sequoia_09.html]
[bamru.org/styles/style.css]
[bamru.org/bamruinfo.html]
[bamru.org/calendar5935.html]
[bamru.org/apply.html]
[bamru.org/gallery/index.html]
[bamru.org/sgallery/pulgas_ridge.htm]
[bamru.org/sgallery/index-2.html]
[bamru.org/gallery/pages/Basic_Rescue_02.html]
[bamru.org/gallery/pages/Basic_Rescue_06.html]
[bamru.org/gallery/pages/Basic_Rescue_07.html]
[bamru.org/gallery/pages/Basic_Rescue_11.html]
[bamru.org/gallery/pages/Basic_Rescue_16b.html]
[bamru.org/gallery/pages/Basic_Rescue_18.html]
[bamru.org/gallery/pages/Dana_16.html]
[bamru.org/gallery/pages/Dana_19.html]
[bamru.org/gallery/pages/Dana_29.html]
[bamru.org/gallery/pages/Dana_36.html]
[bamru.org/gallery/pages/Dana_39.html]
[bamru.org/gallery/pages/Dana_42.html]
[bamru.org/gallery/pages/ELT_01.html]
[bamru.org/gallery/pages/ELT_03.html]
[bamru.org/gallery/pages/ELT_08.html]
[bamru.org/gallery/pages/ELT_09.html]
[bamru.org/gallery/pages/Recert_00-unknown.html]
[bamru.org/gallery/pages/Recert_01.html]
[bamru.org/gallery/pages/Recert_03.html]
[bamru.org/gallery/pages/Recert_08.html]
[bamru.org/gallery/pages/Recert_09.html]
[bamru.org/gallery/pages/Recert_10.html]
[bamru.org/gallery/pages/Recert_11.html]
[bamru.org/gallery/pages/Recert_15.html]
[bamru.org/gallery/pages/Sequoia_03.html]
[bamru.org/gallery/pages/Sequoia_18.html]
[bamru.org/gallery/pages/Sequoia_27.html]
[bamru.org/gallery/pages/Sequoia_28.html]
[bamru.org/gallery/pages/Sequoia_30.html]
[bamru.org/gallery/pages/Sequoia_40.html]
[bamru.org/gallery/pages/Skyline_01.html]
[bamru.org/gallery/pages/Skyline_12.html]
[bamru.org/gallery/pages/Skyline_13.html]
[bamru.org/gallery/pages/Skyline_15.html]
[bamru.org/gallery/pages/Skyline_16.html]
[bamru.org/gallery/pages/Skyline_17.html]
[bamru.org/gallery/pages/Skyline_18.html]
[bamru.org/gallery/pages/Skyline_19.html]
[bamru.org/gallery/pages/Skyline_21.html]
[bamru.org/gallery/pages/knox-gorgonio-1.html]
[bamru.org/gallery/pages/knox-gorgonio-2.html]
[bamru.org/gallery/index-2.html]
[bamru.org/gallery/pages/Sequoia_09.html]
